[2026-07-09 21:41:35] ACTION: Forced Refresh
  - Saved At: 2026-07-09 21:41:35
  - Expires At: N/A
  - Expires In: unknown seconds
  - Access Token (suffix): ...vEeY0BXYev6w
  - Scope: unknown
  - Token Type: Bearer
------------------------------------------------------------
[2026-07-09 21:41:46] ACTION: CLI Manual Refresh
  - Saved At: 2026-07-09 21:41:46
  - Expires At: N/A
  - Expires In: unknown seconds
  - Access Token (suffix): ...KoLkBdgz-Ajw
  - Scope: unknown
  - Token Type: Bearer
------------------------------------------------------------
[2026-07-09 21:41:47] ACTION: Forced Refresh
  - Saved At: 2026-07-09 21:41:47
  - Expires At: N/A
  - Expires In: unknown seconds
  - Access Token (suffix): ...HBDjusKA44Ag
  - Scope: unknown
  - Token Type: Bearer
------------------------------------------------------------
[2026-07-09 21:45:12] ACTION: Silent Auto-Refresh
  - Saved At: 2026-07-09 21:45:12
  - Expires At: N/A
  - Expires In: unknown seconds
  - Access Token (suffix): ...KaYbEClcN9Iw
  - Scope: unknown
  - Token Type: Bearer
------------------------------------------------------------
[2026-07-09 21:46:02] ACTION: Silent Auto-Refresh
  - Saved At: 2026-07-09 21:46:02
  - Expires At: N/A
  - Expires In: unknown seconds
  - Access Token (suffix): ...sb3TSsUXe9BQ
  - Scope: unknown
  - Token Type: Bearer
------------------------------------------------------------
[2026-07-09 21:47:31] ACTION: Silent Auto-Refresh
  - Saved At: 2026-07-09 21:47:31
  - Expires At: N/A
  - Expires In: unknown seconds
  - Access Token (suffix): ...IWDdaZc2NJ_A
  - Scope: unknown
  - Token Type: Bearer
------------------------------------------------------------
[2026-07-09 21:48:56] ACTION: Silent Auto-Refresh
  - Saved At: 2026-07-09 21:48:56
  - Expires At: N/A
  - Expires In: unknown seconds
  - Access Token (suffix): ...bBcEVu5ipQng
  - Scope: unknown
  - Token Type: Bearer
------------------------------------------------------------
[2026-07-09 21:50:15] ACTION: Silent Auto-Refresh
  - Saved At: 2026-07-09 21:50:15
  - Expires At: N/A
  - Expires In: unknown seconds
  - Access Token (suffix): ...qSualziBVjsQ
  - Scope: unknown
  - Token Type: Bearer
------------------------------------------------------------
[2026-07-09 21:51:32] ACTION: Silent Auto-Refresh
  - Saved At: 2026-07-09 21:51:32
  - Expires At: N/A
  - Expires In: unknown seconds
  - Access Token (suffix): ...pIWqGhs-MGew
  - Scope: unknown
  - Token Type: Bearer
------------------------------------------------------------
[2026-07-09 21:51:36] ACTION: Silent Auto-Refresh
  - Saved At: 2026-07-09 21:51:36
  - Expires At: N/A
  - Expires In: unknown seconds
  - Access Token (suffix): ...fdWgzpBzo63Q
  - Scope: unknown
  - Token Type: Bearer
------------------------------------------------------------
[2026-07-09 21:57:27] ACTION: Forced Refresh
  - Saved At: 2026-07-09 21:57:27
  - Expires At: 2026-07-10 01:57:27
  - Expires In: 14399 seconds
  - Access Token (suffix): ...YYTe0tREkw-Q
  - Scope: unknown
  - Token Type: Bearer
------------------------------------------------------------
[2026-07-09 21:58:06] ACTION: CLI Manual Refresh
  - Saved At: 2026-07-09 21:58:06
  - Expires At: 2026-07-10 01:58:06
  - Expires In: 14399 seconds
  - Access Token (suffix): ...jpezSTrr9JMQ
  - Scope: unknown
  - Token Type: Bearer
------------------------------------------------------------
[2026-07-09 22:33:32] ACTION: Forced Refresh
  - Saved At: 2026-07-09 22:33:32
  - Expires At: 2026-07-10 02:33:32
  - Expires In: 14399 seconds
  - Access Token (suffix): ...PwDOAbiVFdKA
  - Scope: unknown
  - Token Type: Bearer
------------------------------------------------------------
[2026-07-09 23:03:34] ACTION: Forced Refresh
  - Saved At: 2026-07-09 23:03:34
  - Expires At: 2026-07-10 03:03:34
  - Expires In: 14399 seconds
  - Access Token (suffix): ...RyZar2GjqVhA
  - Scope: unknown
  - Token Type: Bearer
------------------------------------------------------------
[2026-07-09 23:41:22] ACTION: Forced Refresh
  - Saved At: 2026-07-09 23:41:22
  - Expires At: 2026-07-10 03:41:22
  - Expires In: 14399 seconds
  - Access Token (suffix): ...baj0znB8yYXQ
  - Scope: unknown
  - Token Type: Bearer
------------------------------------------------------------
[2026-07-10 00:18:41] ACTION: Forced Refresh
  - Saved At: 2026-07-10 00:18:41
  - Expires At: 2026-07-10 04:18:41
  - Expires In: 14399 seconds
  - Access Token (suffix): ...Ow0imsHINEXw
  - Scope: unknown
  - Token Type: Bearer
------------------------------------------------------------
[2026-07-10 02:07:38] ACTION: Forced Refresh
  - Saved At: 2026-07-10 02:07:38
  - Expires At: 2026-07-10 06:07:38
  - Expires In: 14399 seconds
  - Access Token (suffix): ...-75cxMewNU6Q
  - Scope: unknown
  - Token Type: Bearer
------------------------------------------------------------
[2026-07-10 02:19:48] ACTION: Forced Refresh
  - Saved At: 2026-07-10 02:19:48
  - Expires At: 2026-07-10 06:19:48
  - Expires In: 14399 seconds
  - Access Token (suffix): ...GRyVcbMPllAg
  - Scope: unknown
  - Token Type: Bearer
------------------------------------------------------------
[2026-07-10 02:24:43] ACTION: Forced Refresh
  - Saved At: 2026-07-10 02:24:43
  - Expires At: 2026-07-10 06:24:43
  - Expires In: 14399 seconds
  - Access Token (suffix): ...tQLhLO-Gj4pw
  - Scope: unknown
  - Token Type: Bearer
------------------------------------------------------------
[2026-07-10 02:29:13] ACTION: Forced Refresh
  - Saved At: 2026-07-10 02:29:13
  - Expires At: 2026-07-10 06:29:13
  - Expires In: 14399 seconds
  - Access Token (suffix): ..._aqnKeJc1I8A
  - Scope: unknown
  - Token Type: Bearer
------------------------------------------------------------
[2026-07-10 02:29:26] ACTION: Forced Refresh
  - Saved At: 2026-07-10 02:29:26
  - Expires At: 2026-07-10 06:29:26
  - Expires In: 14399 seconds
  - Access Token (suffix): ...iDqPfyg0B_Ww
  - Scope: unknown
  - Token Type: Bearer
------------------------------------------------------------
[2026-07-10 02:29:38] ACTION: Forced Refresh
  - Saved At: 2026-07-10 02:29:38
  - Expires At: 2026-07-10 06:29:38
  - Expires In: 14399 seconds
  - Access Token (suffix): ...Dv9mbcz92w7Q
  - Scope: unknown
  - Token Type: Bearer
------------------------------------------------------------
[2026-07-10 02:40:51] ACTION: Forced Refresh
  - Saved At: 2026-07-10 02:40:51
  - Expires At: 2026-07-10 06:40:51
  - Expires In: 14399 seconds
  - Access Token (suffix): ...vXK4R9ogdEVQ
  - Scope: unknown
  - Token Type: Bearer
------------------------------------------------------------
[2026-07-10 02:41:04] ACTION: Forced Refresh
  - Saved At: 2026-07-10 02:41:04
  - Expires At: 2026-07-10 06:41:04
  - Expires In: 14399 seconds
  - Access Token (suffix): ...yjdbpTL6LG3g
  - Scope: unknown
  - Token Type: Bearer
------------------------------------------------------------
[2026-07-10 02:43:32] ACTION: Forced Refresh
  - Saved At: 2026-07-10 02:43:32
  - Expires At: 2026-07-10 06:43:32
  - Expires In: 14399 seconds
  - Access Token (suffix): ...kFepktdwNm0Q
  - Scope: unknown
  - Token Type: Bearer
------------------------------------------------------------
[2026-07-10 02:44:33] ACTION: Forced Refresh
  - Saved At: 2026-07-10 02:44:33
  - Expires At: 2026-07-10 06:44:33
  - Expires In: 14399 seconds
  - Access Token (suffix): ...vTu2fJgZWfDQ
  - Scope: unknown
  - Token Type: Bearer
------------------------------------------------------------
[2026-07-10 02:45:21] ACTION: Forced Refresh
  - Saved At: 2026-07-10 02:45:21
  - Expires At: 2026-07-10 06:45:21
  - Expires In: 14399 seconds
  - Access Token (suffix): ...ceR5t-gwYpOw
  - Scope: unknown
  - Token Type: Bearer
------------------------------------------------------------
[2026-07-10 02:54:45] ACTION: Forced Refresh
  - Saved At: 2026-07-10 02:54:45
  - Expires At: 2026-07-10 06:54:45
  - Expires In: 14399 seconds
  - Access Token (suffix): ...9rG1CmU4ilBA
  - Scope: unknown
  - Token Type: Bearer
------------------------------------------------------------
[2026-07-10 03:15:22] ACTION: Forced Refresh
  - Saved At: 2026-07-10 03:15:22
  - Expires At: 2026-07-10 07:15:22
  - Expires In: 14399 seconds
  - Access Token (suffix): ...uoM5C9VEj_9A
  - Scope: unknown
  - Token Type: Bearer
------------------------------------------------------------
[2026-07-10 03:24:46] ACTION: Forced Refresh
  - Saved At: 2026-07-10 03:24:46
  - Expires At: 2026-07-10 07:24:46
  - Expires In: 14399 seconds
  - Access Token (suffix): ...OwMvaZJyd7wA
  - Scope: unknown
  - Token Type: Bearer
------------------------------------------------------------
[2026-07-10 03:25:27] ACTION: Forced Refresh
  - Saved At: 2026-07-10 03:25:27
  - Expires At: 2026-07-10 07:25:27
  - Expires In: 14399 seconds
  - Access Token (suffix): ...8aZ4Dl9cR38g
  - Scope: unknown
  - Token Type: Bearer
------------------------------------------------------------
[2026-07-10 12:08:44] ACTION: Forced Refresh
  - Saved At: 2026-07-10 12:08:44
  - Expires At: 2026-07-10 16:08:44
  - Expires In: 14399 seconds
  - Access Token (suffix): ...9D89-e__V_8g
  - Scope: unknown
  - Token Type: Bearer
------------------------------------------------------------
[2026-07-10 12:38:46] ACTION: Forced Refresh
  - Saved At: 2026-07-10 12:38:46
  - Expires At: 2026-07-10 16:38:46
  - Expires In: 14399 seconds
  - Access Token (suffix): ...mKaLktJjqICg
  - Scope: unknown
  - Token Type: Bearer
------------------------------------------------------------
[2026-07-10 13:08:48] ACTION: Forced Refresh
  - Saved At: 2026-07-10 13:08:48
  - Expires At: 2026-07-10 17:08:48
  - Expires In: 14399 seconds
  - Access Token (suffix): ...S0Cz9iauXg0Q
  - Scope: unknown
  - Token Type: Bearer
------------------------------------------------------------
[2026-07-10 13:38:50] ACTION: Forced Refresh
  - Saved At: 2026-07-10 13:38:50
  - Expires At: 2026-07-10 17:38:50
  - Expires In: 14399 seconds
  - Access Token (suffix): ...MEgFW_6fC5_g
  - Scope: unknown
  - Token Type: Bearer
------------------------------------------------------------
[2026-07-10 14:08:52] ACTION: Forced Refresh
  - Saved At: 2026-07-10 14:08:52
  - Expires At: 2026-07-10 18:08:52
  - Expires In: 14399 seconds
  - Access Token (suffix): ..._HhmqbXnmgUw
  - Scope: unknown
  - Token Type: Bearer
------------------------------------------------------------
[2026-07-10 14:38:54] ACTION: Forced Refresh
  - Saved At: 2026-07-10 14:38:54
  - Expires At: 2026-07-10 18:38:54
  - Expires In: 14399 seconds
  - Access Token (suffix): ...ccCO3HIStx0g
  - Scope: unknown
  - Token Type: Bearer
------------------------------------------------------------
[2026-07-10 15:08:56] ACTION: Forced Refresh
  - Saved At: 2026-07-10 15:08:56
  - Expires At: 2026-07-10 19:08:56
  - Expires In: 14399 seconds
  - Access Token (suffix): ...5P0UlzeC6Gmw
  - Scope: unknown
  - Token Type: Bearer
------------------------------------------------------------
[2026-07-10 15:38:59] ACTION: Forced Refresh
  - Saved At: 2026-07-10 15:38:58
  - Expires At: 2026-07-10 19:38:58
  - Expires In: 14399 seconds
  - Access Token (suffix): ...1JBBt7vSh_Sw
  - Scope: unknown
  - Token Type: Bearer
------------------------------------------------------------
[2026-07-10 16:09:01] ACTION: Forced Refresh
  - Saved At: 2026-07-10 16:09:01
  - Expires At: 2026-07-10 20:09:01
  - Expires In: 14399 seconds
  - Access Token (suffix): ...aiczU7c3SV9w
  - Scope: unknown
  - Token Type: Bearer
------------------------------------------------------------
[2026-07-10 18:56:44] ACTION: Forced Refresh
  - Saved At: 2026-07-10 18:56:44
  - Expires At: 2026-07-10 22:56:44
  - Expires In: 14399 seconds
  - Access Token (suffix): ...P9I4N4918xOg
  - Scope: unknown
  - Token Type: Bearer
------------------------------------------------------------
[2026-07-10 19:26:46] ACTION: Forced Refresh
  - Saved At: 2026-07-10 19:26:46
  - Expires At: 2026-07-10 23:26:46
  - Expires In: 14399 seconds
  - Access Token (suffix): ...Gq_90fUzC_AQ
  - Scope: unknown
  - Token Type: Bearer
------------------------------------------------------------
[2026-07-10 19:56:47] ACTION: Forced Refresh
  - Saved At: 2026-07-10 19:56:47
  - Expires At: 2026-07-10 23:56:47
  - Expires In: 14399 seconds
  - Access Token (suffix): ...BWpbmGjYfvBg
  - Scope: unknown
  - Token Type: Bearer
------------------------------------------------------------
[2026-07-10 19:57:56] ACTION: Forced Refresh
  - Saved At: 2026-07-10 19:57:56
  - Expires At: 2026-07-10 23:57:56
  - Expires In: 14399 seconds
  - Access Token (suffix): ...TD0qOgF-ZedA
  - Scope: unknown
  - Token Type: Bearer
------------------------------------------------------------
[2026-07-10 20:27:58] ACTION: Forced Refresh
  - Saved At: 2026-07-10 20:27:58
  - Expires At: 2026-07-11 00:27:58
  - Expires In: 14399 seconds
  - Access Token (suffix): ...2b8Vd0zG_9rQ
  - Scope: unknown
  - Token Type: Bearer
------------------------------------------------------------
[2026-07-10 21:02:22] ACTION: Forced Refresh
  - Saved At: 2026-07-10 21:02:22
  - Expires At: 2026-07-11 01:02:22
  - Expires In: 14399 seconds
  - Access Token (suffix): ...dqZtYZCPiNXA
  - Scope: unknown
  - Token Type: Bearer
------------------------------------------------------------
[2026-07-15 00:19:18] ACTION: Forced Refresh
  - Saved At: 2026-07-15 00:19:18
  - Expires At: 2026-07-15 04:19:18
  - Expires In: 14399 seconds
  - Access Token (suffix): ...MCl0hb5DHpaA
  - Scope: unknown
  - Token Type: Bearer
------------------------------------------------------------
[2026-07-15 00:26:41] ACTION: Forced Refresh
  - Saved At: 2026-07-15 00:26:41
  - Expires At: 2026-07-15 04:26:40
  - Expires In: 14398 seconds
  - Access Token (suffix): ...lQn3WaaQ_3XA
  - Scope: unknown
  - Token Type: Bearer
------------------------------------------------------------
[2026-07-15 00:26:52] ACTION: Forced Refresh
  - Saved At: 2026-07-15 00:26:52
  - Expires At: 2026-07-15 04:26:52
  - Expires In: 14399 seconds
  - Access Token (suffix): ...fmryOJKXFXVw
  - Scope: unknown
  - Token Type: Bearer
------------------------------------------------------------
[2026-07-15 00:34:34] ACTION: Forced Refresh
  - Saved At: 2026-07-15 00:34:34
  - Expires At: 2026-07-15 04:34:34
  - Expires In: 14399 seconds
  - Access Token (suffix): ...-rKBTElmt6wg
  - Scope: unknown
  - Token Type: Bearer
------------------------------------------------------------
[2026-07-15 00:39:25] ACTION: Forced Refresh
  - Saved At: 2026-07-15 00:39:25
  - Expires At: 2026-07-15 04:39:25
  - Expires In: 14399 seconds
  - Access Token (suffix): ...-9ttCxK_mblA
  - Scope: unknown
  - Token Type: Bearer
------------------------------------------------------------
[2026-07-15 00:47:08] ACTION: Forced Refresh
  - Saved At: 2026-07-15 00:47:08
  - Expires At: 2026-07-15 04:47:07
  - Expires In: 14398 seconds
  - Access Token (suffix): ...zSD3DBv7mvfQ
  - Scope: unknown
  - Token Type: Bearer
------------------------------------------------------------
[2026-07-15 01:04:32] ACTION: Forced Refresh
  - Saved At: 2026-07-15 01:04:32
  - Expires At: 2026-07-15 05:04:32
  - Expires In: 14399 seconds
  - Access Token (suffix): ...YB5BbSsFh12w
  - Scope: unknown
  - Token Type: Bearer
------------------------------------------------------------
[2026-07-15 01:08:10] ACTION: Forced Refresh
  - Saved At: 2026-07-15 01:08:10
  - Expires At: 2026-07-15 05:08:10
  - Expires In: 14399 seconds
  - Access Token (suffix): ...cm2JxeTL-alQ
  - Scope: unknown
  - Token Type: Bearer
------------------------------------------------------------
[2026-07-15 19:29:19] ACTION: Forced Refresh
  - Saved At: 2026-07-15 19:29:19
  - Expires At: 2026-07-15 23:29:18
  - Expires In: 14398 seconds
  - Access Token (suffix): ...TbSS1uMIBI1w
  - Scope: unknown
  - Token Type: Bearer
------------------------------------------------------------
[2026-07-15 19:29:57] ACTION: Forced Refresh
  - Saved At: 2026-07-15 19:29:57
  - Expires At: 2026-07-15 23:29:56
  - Expires In: 14398 seconds
  - Access Token (suffix): ...8Z4dPMB7uEcQ
  - Scope: unknown
  - Token Type: Bearer
------------------------------------------------------------
[2026-07-15 20:45:54] ACTION: Forced Refresh
  - Saved At: 2026-07-15 20:45:54
  - Expires At: 2026-07-16 00:45:53
  - Expires In: 14398 seconds
  - Access Token (suffix): ...K6-Ks_uH73sQ
  - Scope: unknown
  - Token Type: Bearer
------------------------------------------------------------
[2026-07-15 20:47:35] ACTION: Forced Refresh
  - Saved At: 2026-07-15 20:47:35
  - Expires At: 2026-07-16 00:47:34
  - Expires In: 14398 seconds
  - Access Token (suffix): ...4gL5LXkp2eRQ
  - Scope: unknown
  - Token Type: Bearer
------------------------------------------------------------
[2026-07-15 20:51:10] ACTION: Forced Refresh
  - Saved At: 2026-07-15 20:51:10
  - Expires At: 2026-07-16 00:51:09
  - Expires In: 14398 seconds
  - Access Token (suffix): ...4MsieW4t-4oA
  - Scope: unknown
  - Token Type: Bearer
------------------------------------------------------------
[2026-07-15 21:08:18] ACTION: Forced Refresh
  - Saved At: 2026-07-15 21:08:18
  - Expires At: 2026-07-16 01:08:17
  - Expires In: 14398 seconds
  - Access Token (suffix): ...bKT_IKXhZRTA
  - Scope: unknown
  - Token Type: Bearer
------------------------------------------------------------
[2026-07-15 21:18:38] ACTION: Forced Refresh
  - Saved At: 2026-07-15 21:18:38
  - Expires At: 2026-07-16 01:18:37
  - Expires In: 14398 seconds
  - Access Token (suffix): ...L6UfX5MxNcSA
  - Scope: unknown
  - Token Type: Bearer
------------------------------------------------------------
[2026-07-15 21:50:39] ACTION: Token Update
  - Saved At: 2026-07-15 21:50:39
  - Expires At: 2026-07-15 22:50:39
  - Expires In: 3600 seconds
  - Access Token (suffix): N/A
  - Scope: unknown
  - Token Type: unknown
------------------------------------------------------------
[2026-07-15 21:54:41] ACTION: Forced Refresh
  - Saved At: 2026-07-15 21:54:41
  - Expires At: 2026-07-16 01:54:40
  - Expires In: 14398 seconds
  - Access Token (suffix): ...ympdRh5t5EbQ
  - Scope: unknown
  - Token Type: Bearer
------------------------------------------------------------
[2026-07-17 22:00:07] ACTION: Silent Auto-Refresh
  - Saved At: 2026-07-17 22:00:07
  - Expires At: 2026-07-18 02:00:07
  - Expires In: 14399 seconds
  - Access Token (suffix): ...O4MgUy2nGIhg
  - Scope: unknown
  - Token Type: Bearer
------------------------------------------------------------
[2026-07-18 11:55:44] ACTION: CLI Manual Refresh
  - Saved At: 2026-07-18 11:55:44
  - Expires At: 2026-07-18 15:55:43
  - Expires In: 14398 seconds
  - Access Token (suffix): ...C6cDFjzKuRnw
  - Scope: unknown
  - Token Type: Bearer
------------------------------------------------------------
[2026-07-19 14:44:59] ACTION: Forced Refresh
  - Saved At: 2026-07-19 14:44:59
  - Expires At: 2026-07-19 18:44:59
  - Expires In: 14399 seconds
  - Access Token (suffix): ...By5K1sVZzZqA
  - Scope: unknown
  - Token Type: Bearer
------------------------------------------------------------
[2026-07-20 10:50:39] ACTION: Forced Refresh
  - Saved At: 2026-07-20 10:50:39
  - Expires At: 2026-07-20 14:50:39
  - Expires In: 14399 seconds
  - Access Token (suffix): ...b0HKGGxLCWjA
  - Scope: unknown
  - Token Type: Bearer
------------------------------------------------------------
[2026-07-20 11:09:15] ACTION: Forced Refresh
  - Saved At: 2026-07-20 11:09:15
  - Expires At: 2026-07-20 15:09:15
  - Expires In: 14399 seconds
  - Access Token (suffix): ...q-aIDJyNqItQ
  - Scope: unknown
  - Token Type: Bearer
------------------------------------------------------------
[2026-07-20 11:09:27] ACTION: Forced Refresh
  - Saved At: 2026-07-20 11:09:27
  - Expires At: 2026-07-20 15:09:27
  - Expires In: 14399 seconds
  - Access Token (suffix): ...-D51gNiVOI-Q
  - Scope: unknown
  - Token Type: Bearer
------------------------------------------------------------
[2026-07-20 11:22:06] ACTION: Forced Refresh
  - Saved At: 2026-07-20 11:22:06
  - Expires At: 2026-07-20 15:22:06
  - Expires In: 14399 seconds
  - Access Token (suffix): ...X2ETFulSezTw
  - Scope: unknown
  - Token Type: Bearer
------------------------------------------------------------
[2026-07-20 11:25:42] ACTION: Forced Refresh
  - Saved At: 2026-07-20 11:25:42
  - Expires At: 2026-07-20 15:25:42
  - Expires In: 14399 seconds
  - Access Token (suffix): ...uiQ7lek5m3vg
  - Scope: unknown
  - Token Type: Bearer
------------------------------------------------------------
[2026-07-20 11:25:57] ACTION: Forced Refresh
  - Saved At: 2026-07-20 11:25:57
  - Expires At: 2026-07-20 15:25:56
  - Expires In: 14398 seconds
  - Access Token (suffix): ...GY4cyK0YvdoA
  - Scope: unknown
  - Token Type: Bearer
------------------------------------------------------------
[2026-07-20 11:28:13] ACTION: Forced Refresh
  - Saved At: 2026-07-20 11:28:13
  - Expires At: 2026-07-20 15:28:13
  - Expires In: 14399 seconds
  - Access Token (suffix): ...H3NL9gnN9o2Q
  - Scope: unknown
  - Token Type: Bearer
------------------------------------------------------------
[2026-07-20 11:28:26] ACTION: Forced Refresh
  - Saved At: 2026-07-20 11:28:26
  - Expires At: 2026-07-20 15:28:26
  - Expires In: 14399 seconds
  - Access Token (suffix): ...IVJ_IP-LSXCA
  - Scope: unknown
  - Token Type: Bearer
------------------------------------------------------------
[2026-07-20 11:32:06] ACTION: Forced Refresh
  - Saved At: 2026-07-20 11:32:06
  - Expires At: 2026-07-20 15:32:06
  - Expires In: 14399 seconds
  - Access Token (suffix): ...CNsIdp_4R1QQ
  - Scope: unknown
  - Token Type: Bearer
------------------------------------------------------------
[2026-07-20 11:39:34] ACTION: Forced Refresh
  - Saved At: 2026-07-20 11:39:34
  - Expires At: 2026-07-20 15:39:34
  - Expires In: 14399 seconds
  - Access Token (suffix): ...SpgtIq3OMIsQ
  - Scope: unknown
  - Token Type: Bearer
------------------------------------------------------------
[2026-07-20 11:51:21] ACTION: Forced Refresh
  - Saved At: 2026-07-20 11:51:21
  - Expires At: 2026-07-20 15:51:21
  - Expires In: 14399 seconds
  - Access Token (suffix): ...CiFL7GneUpyw
  - Scope: unknown
  - Token Type: Bearer
------------------------------------------------------------
[2026-07-20 12:01:50] ACTION: Forced Refresh
  - Saved At: 2026-07-20 12:01:50
  - Expires At: 2026-07-20 16:01:50
  - Expires In: 14399 seconds
  - Access Token (suffix): ...CHoWXKWG9bVg
  - Scope: unknown
  - Token Type: Bearer
------------------------------------------------------------
[2026-07-20 12:31:12] ACTION: Forced Refresh
  - Saved At: 2026-07-20 12:31:12
  - Expires At: 2026-07-20 16:31:12
  - Expires In: 14399 seconds
  - Access Token (suffix): ...MUYs-qNajcEQ
  - Scope: unknown
  - Token Type: Bearer
------------------------------------------------------------
[2026-07-20 12:35:17] ACTION: Forced Refresh
  - Saved At: 2026-07-20 12:35:17
  - Expires At: 2026-07-20 16:35:17
  - Expires In: 14399 seconds
  - Access Token (suffix): ...xH0M_-P5lU2g
  - Scope: unknown
  - Token Type: Bearer
------------------------------------------------------------
[2026-07-20 12:43:15] ACTION: Forced Refresh
  - Saved At: 2026-07-20 12:43:15
  - Expires At: 2026-07-20 16:43:15
  - Expires In: 14399 seconds
  - Access Token (suffix): ...pwsX7jt-Ifew
  - Scope: unknown
  - Token Type: Bearer
------------------------------------------------------------
[2026-07-20 12:57:43] ACTION: Forced Refresh
  - Saved At: 2026-07-20 12:57:43
  - Expires At: 2026-07-20 16:57:43
  - Expires In: 14399 seconds
  - Access Token (suffix): ...g1ISuKqA-Wbw
  - Scope: unknown
  - Token Type: Bearer
------------------------------------------------------------
[2026-07-20 12:58:48] ACTION: Forced Refresh
  - Saved At: 2026-07-20 12:58:48
  - Expires At: 2026-07-20 16:58:48
  - Expires In: 14399 seconds
  - Access Token (suffix): ...RZsvd0fv5Ybw
  - Scope: unknown
  - Token Type: Bearer
------------------------------------------------------------
[2026-07-20 13:00:24] ACTION: Forced Refresh
  - Saved At: 2026-07-20 13:00:24
  - Expires At: 2026-07-20 17:00:24
  - Expires In: 14399 seconds
  - Access Token (suffix): ..._vun-8pdohMA
  - Scope: unknown
  - Token Type: Bearer
------------------------------------------------------------
[2026-07-20 13:09:44] ACTION: Forced Refresh
  - Saved At: 2026-07-20 13:09:44
  - Expires At: 2026-07-20 17:09:44
  - Expires In: 14399 seconds
  - Access Token (suffix): ...AQmNpFkFNmeQ
  - Scope: unknown
  - Token Type: Bearer
------------------------------------------------------------
[2026-07-20 13:39:45] ACTION: Forced Refresh
  - Saved At: 2026-07-20 13:39:45
  - Expires At: 2026-07-20 17:39:45
  - Expires In: 14399 seconds
  - Access Token (suffix): ...VCnoy-hCzOUg
  - Scope: unknown
  - Token Type: Bearer
------------------------------------------------------------
[2026-07-20 13:42:59] ACTION: Forced Refresh
  - Saved At: 2026-07-20 13:42:59
  - Expires At: 2026-07-20 17:42:59
  - Expires In: 14399 seconds
  - Access Token (suffix): ...EmkdhGgpO1Jg
  - Scope: unknown
  - Token Type: Bearer
------------------------------------------------------------
[2026-07-20 13:43:12] ACTION: Forced Refresh
  - Saved At: 2026-07-20 13:43:12
  - Expires At: 2026-07-20 17:43:12
  - Expires In: 14399 seconds
  - Access Token (suffix): ..._vbnyjuYqj5A
  - Scope: unknown
  - Token Type: Bearer
------------------------------------------------------------
[2026-07-20 13:43:25] ACTION: Forced Refresh
  - Saved At: 2026-07-20 13:43:25
  - Expires At: 2026-07-20 17:43:25
  - Expires In: 14399 seconds
  - Access Token (suffix): ...W_dpNupRwrbw
  - Scope: unknown
  - Token Type: Bearer
------------------------------------------------------------
[2026-07-20 13:45:07] ACTION: Forced Refresh
  - Saved At: 2026-07-20 13:45:07
  - Expires At: 2026-07-20 17:45:07
  - Expires In: 14399 seconds
  - Access Token (suffix): ...uyqgO7pMjL4g
  - Scope: unknown
  - Token Type: Bearer
------------------------------------------------------------
[2026-07-20 13:48:43] ACTION: Forced Refresh
  - Saved At: 2026-07-20 13:48:43
  - Expires At: 2026-07-20 17:48:43
  - Expires In: 14399 seconds
  - Access Token (suffix): ...FdYAo-zL3RlQ
  - Scope: unknown
  - Token Type: Bearer
------------------------------------------------------------
[2026-07-20 14:04:14] ACTION: Forced Refresh
  - Saved At: 2026-07-20 14:04:14
  - Expires At: 2026-07-20 18:04:14
  - Expires In: 14399 seconds
  - Access Token (suffix): ...HZVaRJHO3ZyA
  - Scope: unknown
  - Token Type: Bearer
------------------------------------------------------------
[2026-07-20 14:18:43] ACTION: Forced Refresh
  - Saved At: 2026-07-20 14:18:43
  - Expires At: 2026-07-20 18:18:43
  - Expires In: 14399 seconds
  - Access Token (suffix): ...cqJVxKr70d5Q
  - Scope: unknown
  - Token Type: Bearer
------------------------------------------------------------
[2026-07-20 14:48:45] ACTION: Forced Refresh
  - Saved At: 2026-07-20 14:48:45
  - Expires At: 2026-07-20 18:48:45
  - Expires In: 14399 seconds
  - Access Token (suffix): ...T8AXuZ_Ywqxg
  - Scope: unknown
  - Token Type: Bearer
------------------------------------------------------------
[2026-07-20 14:55:43] ACTION: Forced Refresh
  - Saved At: 2026-07-20 14:55:43
  - Expires At: 2026-07-20 18:55:43
  - Expires In: 14399 seconds
  - Access Token (suffix): ...I1hhwRqIMKCw
  - Scope: unknown
  - Token Type: Bearer
------------------------------------------------------------
[2026-07-20 15:25:45] ACTION: Forced Refresh
  - Saved At: 2026-07-20 15:25:45
  - Expires At: 2026-07-20 19:25:45
  - Expires In: 14399 seconds
  - Access Token (suffix): ...ilMk5YA8AeSA
  - Scope: unknown
  - Token Type: Bearer
------------------------------------------------------------
[2026-07-20 15:55:47] ACTION: Forced Refresh
  - Saved At: 2026-07-20 15:55:47
  - Expires At: 2026-07-20 19:55:47
  - Expires In: 14399 seconds
  - Access Token (suffix): ...1WjhtVWEytCQ
  - Scope: unknown
  - Token Type: Bearer
------------------------------------------------------------
[2026-07-20 16:25:49] ACTION: Forced Refresh
  - Saved At: 2026-07-20 16:25:49
  - Expires At: 2026-07-20 20:25:49
  - Expires In: 14399 seconds
  - Access Token (suffix): ...V2PrrDGk5P_w
  - Scope: unknown
  - Token Type: Bearer
------------------------------------------------------------
[2026-07-20 16:55:50] ACTION: Forced Refresh
  - Saved At: 2026-07-20 16:55:50
  - Expires At: 2026-07-20 20:55:50
  - Expires In: 14399 seconds
  - Access Token (suffix): ...crzxJO65hi0Q
  - Scope: unknown
  - Token Type: Bearer
------------------------------------------------------------
[2026-07-20 17:00:19] ACTION: Forced Refresh
  - Saved At: 2026-07-20 17:00:19
  - Expires At: 2026-07-20 21:00:19
  - Expires In: 14399 seconds
  - Access Token (suffix): ...hBimTwbdHuwA
  - Scope: unknown
  - Token Type: Bearer
------------------------------------------------------------
[2026-07-20 17:00:31] ACTION: Forced Refresh
  - Saved At: 2026-07-20 17:00:31
  - Expires At: 2026-07-20 21:00:31
  - Expires In: 14399 seconds
  - Access Token (suffix): ...Frg4c7-XqhZg
  - Scope: unknown
  - Token Type: Bearer
------------------------------------------------------------
[2026-07-20 17:00:44] ACTION: Forced Refresh
  - Saved At: 2026-07-20 17:00:44
  - Expires At: 2026-07-20 21:00:44
  - Expires In: 14399 seconds
  - Access Token (suffix): ...MblwFXGbhTiw
  - Scope: unknown
  - Token Type: Bearer
------------------------------------------------------------
[2026-07-20 17:13:51] ACTION: Forced Refresh
  - Saved At: 2026-07-20 17:13:51
  - Expires At: 2026-07-20 21:13:51
  - Expires In: 14399 seconds
  - Access Token (suffix): ...crU2LL6ss4Ow
  - Scope: unknown
  - Token Type: Bearer
------------------------------------------------------------
[2026-07-20 17:19:48] ACTION: Forced Refresh
  - Saved At: 2026-07-20 17:19:48
  - Expires At: 2026-07-20 21:19:48
  - Expires In: 14399 seconds
  - Access Token (suffix): ...pOwH3ACu-a-g
  - Scope: unknown
  - Token Type: Bearer
------------------------------------------------------------
[2026-07-20 17:49:49] ACTION: Forced Refresh
  - Saved At: 2026-07-20 17:49:49
  - Expires At: 2026-07-20 21:49:49
  - Expires In: 14399 seconds
  - Access Token (suffix): ..._Z1XLvCyn20A
  - Scope: unknown
  - Token Type: Bearer
------------------------------------------------------------
[2026-07-20 17:54:41] ACTION: Forced Refresh
  - Saved At: 2026-07-20 17:54:41
  - Expires At: 2026-07-20 21:54:41
  - Expires In: 14399 seconds
  - Access Token (suffix): ...3Tl_CrdeYn_A
  - Scope: unknown
  - Token Type: Bearer
------------------------------------------------------------
[2026-07-20 17:55:00] ACTION: Forced Refresh
  - Saved At: 2026-07-20 17:55:00
  - Expires At: 2026-07-20 21:55:00
  - Expires In: 14399 seconds
  - Access Token (suffix): ...FxeZ9E2Ob7AQ
  - Scope: unknown
  - Token Type: Bearer
------------------------------------------------------------
[2026-07-20 17:55:48] ACTION: Forced Refresh
  - Saved At: 2026-07-20 17:55:48
  - Expires At: 2026-07-20 21:55:48
  - Expires In: 14399 seconds
  - Access Token (suffix): ...doeeB6mUz6kQ
  - Scope: unknown
  - Token Type: Bearer
------------------------------------------------------------
[2026-07-20 17:59:20] ACTION: Forced Refresh
  - Saved At: 2026-07-20 17:59:20
  - Expires At: 2026-07-20 21:59:20
  - Expires In: 14399 seconds
  - Access Token (suffix): ...SPUDGY7rLnRw
  - Scope: unknown
  - Token Type: Bearer
------------------------------------------------------------
[2026-07-20 17:59:34] ACTION: Forced Refresh
  - Saved At: 2026-07-20 17:59:34
  - Expires At: 2026-07-20 21:59:34
  - Expires In: 14399 seconds
  - Access Token (suffix): ...1mr_u706_yiA
  - Scope: unknown
  - Token Type: Bearer
------------------------------------------------------------
[2026-07-20 18:00:42] ACTION: Forced Refresh
  - Saved At: 2026-07-20 18:00:42
  - Expires At: 2026-07-20 22:00:42
  - Expires In: 14399 seconds
  - Access Token (suffix): ...2tKjl-xRyMuQ
  - Scope: unknown
  - Token Type: Bearer
------------------------------------------------------------
[2026-07-20 18:02:45] ACTION: Forced Refresh
  - Saved At: 2026-07-20 18:02:45
  - Expires At: 2026-07-20 22:02:45
  - Expires In: 14399 seconds
  - Access Token (suffix): ...kZSWFMuwhyHw
  - Scope: unknown
  - Token Type: Bearer
------------------------------------------------------------
[2026-07-20 18:23:36] ACTION: Forced Refresh
  - Saved At: 2026-07-20 18:23:36
  - Expires At: 2026-07-20 22:23:36
  - Expires In: 14399 seconds
  - Access Token (suffix): ...34ygmAGHHxrA
  - Scope: unknown
  - Token Type: Bearer
------------------------------------------------------------
[2026-07-20 18:26:49] ACTION: Forced Refresh
  - Saved At: 2026-07-20 18:26:49
  - Expires At: 2026-07-20 22:26:49
  - Expires In: 14399 seconds
  - Access Token (suffix): ...AmUReguxbAVA
  - Scope: unknown
  - Token Type: Bearer
------------------------------------------------------------
[2026-07-20 18:28:41] ACTION: Forced Refresh
  - Saved At: 2026-07-20 18:28:41
  - Expires At: 2026-07-20 22:28:41
  - Expires In: 14399 seconds
  - Access Token (suffix): ...8DoZJwO9Eo2Q
  - Scope: unknown
  - Token Type: Bearer
------------------------------------------------------------
[2026-07-20 18:33:05] ACTION: Forced Refresh
  - Saved At: 2026-07-20 18:33:05
  - Expires At: 2026-07-20 22:33:05
  - Expires In: 14399 seconds
  - Access Token (suffix): ...1p9_n9wYr1Ew
  - Scope: unknown
  - Token Type: Bearer
------------------------------------------------------------
[2026-07-20 18:42:46] ACTION: Forced Refresh
  - Saved At: 2026-07-20 18:42:46
  - Expires At: 2026-07-20 22:42:46
  - Expires In: 14399 seconds
  - Access Token (suffix): ...5TVSlVnZkhFg
  - Scope: unknown
  - Token Type: Bearer
------------------------------------------------------------
[2026-07-20 18:47:12] ACTION: Forced Refresh
  - Saved At: 2026-07-20 18:47:12
  - Expires At: 2026-07-20 22:47:12
  - Expires In: 14399 seconds
  - Access Token (suffix): ...D8b6MGXRSrIw
  - Scope: unknown
  - Token Type: Bearer
------------------------------------------------------------
[2026-07-20 18:57:36] ACTION: Forced Refresh
  - Saved At: 2026-07-20 18:57:36
  - Expires At: 2026-07-20 22:57:37
  - Expires In: 14400 seconds
  - Access Token (suffix): ...TspFw2uHm9fA
  - Scope: unknown
  - Token Type: Bearer
------------------------------------------------------------
[2026-07-20 18:57:49] ACTION: Forced Refresh
  - Saved At: 2026-07-20 18:57:49
  - Expires At: 2026-07-20 22:57:49
  - Expires In: 14399 seconds
  - Access Token (suffix): ...K_N4g-Nzkkfw
  - Scope: unknown
  - Token Type: Bearer
------------------------------------------------------------
[2026-07-20 19:01:57] ACTION: Forced Refresh
  - Saved At: 2026-07-20 19:01:57
  - Expires At: 2026-07-20 23:01:57
  - Expires In: 14399 seconds
  - Access Token (suffix): ...Gyj_1MU7oEvQ
  - Scope: unknown
  - Token Type: Bearer
------------------------------------------------------------
[2026-07-20 19:03:12] ACTION: Forced Refresh
  - Saved At: 2026-07-20 19:03:12
  - Expires At: 2026-07-20 23:03:12
  - Expires In: 14399 seconds
  - Access Token (suffix): ...G36HD8ig6EMA
  - Scope: unknown
  - Token Type: Bearer
------------------------------------------------------------
[2026-07-20 19:12:06] ACTION: Forced Refresh
  - Saved At: 2026-07-20 19:12:06
  - Expires At: 2026-07-20 23:12:06
  - Expires In: 14399 seconds
  - Access Token (suffix): ...M7xLzSqM6XtA
  - Scope: unknown
  - Token Type: Bearer
------------------------------------------------------------
[2026-07-20 19:12:18] ACTION: Forced Refresh
  - Saved At: 2026-07-20 19:12:18
  - Expires At: 2026-07-20 23:12:18
  - Expires In: 14399 seconds
  - Access Token (suffix): ...19P2pEmnbJtA
  - Scope: unknown
  - Token Type: Bearer
------------------------------------------------------------
[2026-07-20 19:12:30] ACTION: Forced Refresh
  - Saved At: 2026-07-20 19:12:30
  - Expires At: 2026-07-20 23:12:30
  - Expires In: 14399 seconds
  - Access Token (suffix): ...pKHNCcbXFbzA
  - Scope: unknown
  - Token Type: Bearer
------------------------------------------------------------
[2026-07-20 19:18:49] ACTION: Forced Refresh
  - Saved At: 2026-07-20 19:18:49
  - Expires At: 2026-07-20 23:18:49
  - Expires In: 14399 seconds
  - Access Token (suffix): ...bBCFOFZym51A
  - Scope: unknown
  - Token Type: Bearer
------------------------------------------------------------
[2026-07-20 19:20:45] ACTION: Forced Refresh
  - Saved At: 2026-07-20 19:20:45
  - Expires At: 2026-07-20 23:20:45
  - Expires In: 14399 seconds
  - Access Token (suffix): ...NrWEhkAAzrIQ
  - Scope: unknown
  - Token Type: Bearer
------------------------------------------------------------
[2026-07-20 19:21:02] ACTION: Forced Refresh
  - Saved At: 2026-07-20 19:21:02
  - Expires At: 2026-07-20 23:21:02
  - Expires In: 14399 seconds
  - Access Token (suffix): ...9ageW6BlUrcw
  - Scope: unknown
  - Token Type: Bearer
------------------------------------------------------------
[2026-07-20 19:28:52] ACTION: Forced Refresh
  - Saved At: 2026-07-20 19:28:52
  - Expires At: 2026-07-20 23:28:52
  - Expires In: 14399 seconds
  - Access Token (suffix): ...7Isld3ybdiXg
  - Scope: unknown
  - Token Type: Bearer
------------------------------------------------------------
[2026-07-20 19:29:04] ACTION: Forced Refresh
  - Saved At: 2026-07-20 19:29:04
  - Expires At: 2026-07-20 23:29:04
  - Expires In: 14399 seconds
  - Access Token (suffix): ...Dl_mwrD1L98g
  - Scope: unknown
  - Token Type: Bearer
------------------------------------------------------------
[2026-07-20 19:29:18] ACTION: Forced Refresh
  - Saved At: 2026-07-20 19:29:18
  - Expires At: 2026-07-20 23:29:18
  - Expires In: 14399 seconds
  - Access Token (suffix): ...wSSnqgfY5R-Q
  - Scope: unknown
  - Token Type: Bearer
------------------------------------------------------------
[2026-07-20 19:30:28] ACTION: Forced Refresh
  - Saved At: 2026-07-20 19:30:28
  - Expires At: 2026-07-20 23:30:28
  - Expires In: 14399 seconds
  - Access Token (suffix): ..._fbHHML0prnA
  - Scope: unknown
  - Token Type: Bearer
------------------------------------------------------------
[2026-07-20 19:30:41] ACTION: Forced Refresh
  - Saved At: 2026-07-20 19:30:41
  - Expires At: 2026-07-20 23:30:41
  - Expires In: 14399 seconds
  - Access Token (suffix): ...xarSsS2QO75w
  - Scope: unknown
  - Token Type: Bearer
------------------------------------------------------------
[2026-07-20 19:33:43] ACTION: Forced Refresh
  - Saved At: 2026-07-20 19:33:43
  - Expires At: 2026-07-20 23:33:43
  - Expires In: 14399 seconds
  - Access Token (suffix): ...pmFdAGa1eI4g
  - Scope: unknown
  - Token Type: Bearer
------------------------------------------------------------
[2026-07-20 19:39:52] ACTION: Forced Refresh
  - Saved At: 2026-07-20 19:39:52
  - Expires At: 2026-07-20 23:39:52
  - Expires In: 14399 seconds
  - Access Token (suffix): ..._bzB2j2zlukg
  - Scope: unknown
  - Token Type: Bearer
------------------------------------------------------------
[2026-07-20 19:45:44] ACTION: Forced Refresh
  - Saved At: 2026-07-20 19:45:44
  - Expires At: 2026-07-20 23:45:44
  - Expires In: 14399 seconds
  - Access Token (suffix): ...e66ufQf8bixQ
  - Scope: unknown
  - Token Type: Bearer
------------------------------------------------------------
[2026-07-20 19:46:18] ACTION: Forced Refresh
  - Saved At: 2026-07-20 19:46:18
  - Expires At: 2026-07-20 23:46:18
  - Expires In: 14399 seconds
  - Access Token (suffix): ...FXbfCP8b313Q
  - Scope: unknown
  - Token Type: Bearer
------------------------------------------------------------
[2026-07-20 19:48:46] ACTION: Forced Refresh
  - Saved At: 2026-07-20 19:48:46
  - Expires At: 2026-07-20 23:48:46
  - Expires In: 14399 seconds
  - Access Token (suffix): ...ip6WC9mZ2P0w
  - Scope: unknown
  - Token Type: Bearer
------------------------------------------------------------
[2026-07-20 19:51:35] ACTION: Forced Refresh
  - Saved At: 2026-07-20 19:51:35
  - Expires At: 2026-07-20 23:51:35
  - Expires In: 14399 seconds
  - Access Token (suffix): ...55UxiQSf9CJQ
  - Scope: unknown
  - Token Type: Bearer
------------------------------------------------------------
[2026-07-20 19:51:49] ACTION: Forced Refresh
  - Saved At: 2026-07-20 19:51:49
  - Expires At: 2026-07-20 23:51:49
  - Expires In: 14399 seconds
  - Access Token (suffix): ...AVgnjqMJI_Gw
  - Scope: unknown
  - Token Type: Bearer
------------------------------------------------------------
[2026-07-20 19:52:01] ACTION: Forced Refresh
  - Saved At: 2026-07-20 19:52:01
  - Expires At: 2026-07-20 23:52:01
  - Expires In: 14399 seconds
  - Access Token (suffix): ...JVg9aamjjcDw
  - Scope: unknown
  - Token Type: Bearer
------------------------------------------------------------
[2026-07-20 20:03:43] ACTION: Forced Refresh
  - Saved At: 2026-07-20 20:03:43
  - Expires At: 2026-07-21 00:03:43
  - Expires In: 14399 seconds
  - Access Token (suffix): ...FoNXvb-4Q2aA
  - Scope: unknown
  - Token Type: Bearer
------------------------------------------------------------
[2026-07-20 20:05:42] ACTION: Forced Refresh
  - Saved At: 2026-07-20 20:05:42
  - Expires At: 2026-07-21 00:05:42
  - Expires In: 14399 seconds
  - Access Token (suffix): ...AL0Qg8a8R86A
  - Scope: unknown
  - Token Type: Bearer
------------------------------------------------------------
[2026-07-20 20:07:19] ACTION: Forced Refresh
  - Saved At: 2026-07-20 20:07:19
  - Expires At: 2026-07-21 00:07:19
  - Expires In: 14399 seconds
  - Access Token (suffix): ...wfdNnmCWSGSg
  - Scope: unknown
  - Token Type: Bearer
------------------------------------------------------------
[2026-07-20 20:08:50] ACTION: Forced Refresh
  - Saved At: 2026-07-20 20:08:50
  - Expires At: 2026-07-21 00:08:50
  - Expires In: 14399 seconds
  - Access Token (suffix): ...3JfVnhhQMd5w
  - Scope: unknown
  - Token Type: Bearer
------------------------------------------------------------
[2026-07-20 20:11:58] ACTION: Forced Refresh
  - Saved At: 2026-07-20 20:11:58
  - Expires At: 2026-07-21 00:11:58
  - Expires In: 14399 seconds
  - Access Token (suffix): ...iqiC6sSe41tA
  - Scope: unknown
  - Token Type: Bearer
------------------------------------------------------------
[2026-07-20 20:13:39] ACTION: Forced Refresh
  - Saved At: 2026-07-20 20:13:39
  - Expires At: 2026-07-21 00:13:39
  - Expires In: 14399 seconds
  - Access Token (suffix): ...ajUGdisY5SEw
  - Scope: unknown
  - Token Type: Bearer
------------------------------------------------------------
[2026-07-20 20:13:51] ACTION: Forced Refresh
  - Saved At: 2026-07-20 20:13:51
  - Expires At: 2026-07-21 00:13:51
  - Expires In: 14399 seconds
  - Access Token (suffix): ...sCqs6fPliQUw
  - Scope: unknown
  - Token Type: Bearer
------------------------------------------------------------
[2026-07-20 20:43:53] ACTION: Forced Refresh
  - Saved At: 2026-07-20 20:43:53
  - Expires At: 2026-07-21 00:43:53
  - Expires In: 14399 seconds
  - Access Token (suffix): ...P207DAOKDjTQ
  - Scope: unknown
  - Token Type: Bearer
------------------------------------------------------------
[2026-07-20 21:13:55] ACTION: Forced Refresh
  - Saved At: 2026-07-20 21:13:55
  - Expires At: 2026-07-21 01:13:55
  - Expires In: 14399 seconds
  - Access Token (suffix): ...mUiSdmRdPydA
  - Scope: unknown
  - Token Type: Bearer
------------------------------------------------------------
